// Jest Snapshot v1, https://goo.gl/fbAQLP

exports[`Settings Component Should render correctly 1`] = `
<Modal
  confirmLoading={false}
  footer=""
  maskTransitionName="fade"
  okType="primary"
  title="Hotkeys"
  transitionName="zoom"
  visible={true}
  width={520}
>
  <Checkbox
    defaultChecked={true}
    indeterminate={false}
    onChange={[Function]}
    value="Enable labeling hotkeys"
  >
    Enable labeling hotkeys
  </Checkbox>
  <br />
  <Checkbox
    indeterminate={false}
    onChange={[Function]}
    value="Show tooltips"
  >
    Show tooltips
  </Checkbox>
</Modal>
`;
